// Jest Snapshot v1, https://goo.gl/fbAQLP

exports[`creates a button link that will open a new tab securely 1`] = `
<a
  className="button is-link is-info"
  href="http://www.budw.in/"
  rel="noopener noreferrer"
  target="_blank"
>
  <span
    className="icon is-small"
  >
    <i
      className="fa"
    />
  </span>
  <span>
    My Website
  </span>
</a>
`;
