// Jest Snapshot v1, https://goo.gl/fbAQLP

exports[`renders a wave background section 1`] = `
<div>
  <section
    className="hero make-transparent is-fullheight-with-navbar"
  >
    <div
      className="hero-body"
    >
      <div
        className="container"
      />
    </div>
  </section>
</div>
`;
